
> pareto-rail@0.0.0 check:floor
> node scripts/check-floor.mjs --level strandline-542f

Strandline floor check
duration 60.0s; spawned kinds 7: brood, cyst, drifter, latcher, parent, skimmer, stinger
event coverage missing: none

Engine defaults:
  shot rhythm:
    pattern=grid-ramp [default]
    gapThirtyseconds=1
    releaseShare=0.75 [default]
    gridRampGapGrowthThirtyseconds=1
    maxGridSeconds=0.46
  action SFX snap: overridden grid (enabled, 2×32nd grid)
  lock radius: 0.155 NDC (engine default 0.085)
  identity hooks declared: scoreForHit, scoreForKill, scoreForVolley, rankForRun, easeRunProgress, playerHealth, detailsForRun
  identity hooks [default]: validateRelease, updateCameraEffects, updateAttractCamera, allowLockUndo

target occlusion warnings: 0
performance gate failures: 0
audio configuration failures: 0
spawn centerness/distance warnings: 1

Warnings:
- Enemy destruction concentration in screen center is slightly high (42.4%, warning threshold 25.0%). Consider spreading spawns away from the center.
All floor checks passed.
FLOOR VERDICT: ACCEPT — if submitted in its current state, this level will be accepted.
