
> raild@0.0.0 build
> vite build

vite v8.1.3 building client environment for production...
[2Ktransforming...✓ 121 modules transformed.
rendering chunks...
computing gzip size...
dist/index.html                                1.82 kB │ gzip:   0.90 kB
dist/assets/index-CdxIYldy.css                15.14 kB │ gzip:   4.11 kB
dist/assets/audio-trace-GtutyGgA.js            0.40 kB │ gzip:   0.27 kB
dist/assets/speed-profile-W-oLAii7.js          0.70 kB │ gzip:   0.43 kB
dist/assets/arrangement-DbzrCudz.js            1.20 kB │ gzip:   0.61 kB
dist/assets/environment-kit-Dz9l9TH9.js        1.24 kB │ gzip:   0.70 kB
dist/assets/hostile-shot-CWthoT6Q.js           1.68 kB │ gzip:   0.74 kB
dist/assets/audio-voices-CWskvbIA.js           2.24 kB │ gzip:   0.91 kB
dist/assets/glyphs-DhATwRVR.js                 3.58 kB │ gzip:   0.96 kB
dist/assets/BufferGeometryUtils-BxFT1iKp.js    3.77 kB │ gzip:   1.10 kB
dist/assets/perf-overlay-C2NutT9n.js           5.73 kB │ gzip:   2.26 kB
dist/assets/rng-9vn-z4L6.js                    9.51 kB │ gzip:   3.78 kB
dist/assets/prism-ClgoHwD1.js                 14.56 kB │ gzip:   5.83 kB
dist/assets/rezdle-BrIKrzbU.js                17.48 kB │ gzip:   6.99 kB
dist/assets/rush-CgNNORIx.js                  25.64 kB │ gzip:   9.35 kB
dist/assets/audio-kit-DCQt2R9p.js             30.45 kB │ gzip:  10.38 kB
dist/assets/crystal-CgitPI_k.js               52.31 kB │ gzip:  17.40 kB
dist/assets/helios--wc9VO89.js                73.26 kB │ gzip:  23.96 kB
dist/assets/mass-driver-azxp-BKx1U4OA.js      75.69 kB │ gzip:  27.16 kB
dist/assets/word-data-bEQzhfW8.js            622.40 kB │ gzip: 206.10 kB
dist/assets/index-DM4aRDvb.js                941.15 kB │ gzip: 260.98 kB

✓ built in 515ms
