
> raild@0.0.0 check:floor
> node scripts/check-floor.mjs --level mass-driver-azxp

Mass Driver floor check
duration 60.0s; spawned kinds 7: bolt, discharge, interlock, leech, picket, pylon, threader
event coverage missing: none

Engine defaults:
  shot rhythm:
    pattern=linear
    gapThirtyseconds=2
    releaseShare=0
    gridRampGapGrowthThirtyseconds=2 [default]
    maxGridSeconds=1.905 [default]
  action SFX snap: [default] (enabled, 32nd grid)
  lock radius: [default] 0.085 NDC
  identity hooks declared: scoreForHit, scoreForKill, scoreForVolley, rankForRun, easeRunProgress, playerHealth, detailsForRun
  identity hooks [default]: validateRelease, updateCameraEffects, updateAttractCamera, allowLockUndo

target occlusion warnings: 0
performance gate failures: 0
audio configuration failures: 0
spawn centerness/distance warnings: 0
All floor checks passed.
