
> pareto-rail@0.0.0 check:floor
> node scripts/check-floor.mjs --level thermal-ink-4xmh

Thermal Ink floor check
duration 60.0s; spawned kinds 6: arm, bolt, core, hatchling, pod, scuttler
event coverage missing: none

Engine defaults:
  shot rhythm:
    pattern=grid-ramp [default]
    gapThirtyseconds=2 [default]
    releaseShare=0.75 [default]
    gridRampGapGrowthThirtyseconds=2 [default]
    maxGridSeconds=1.25
  action SFX snap: [default] (enabled, 32nd grid)
  lock radius: [default] 0.085 NDC; reticle visual 0.084 NDC = 0.99x lock radius, no reticle scaling
  words: start "START!" (6), replay "REPLAY" (6); MAX_LOCKS 6
  identity hooks declared: scoreForHit, scoreForKill, scoreForVolley, validateRelease, rankForRun, easeRunProgress, updateCameraEffects, updateAttractCamera, playerHealth, detailsForRun
  identity hooks [default]: allowLockUndo

target occlusion warnings: 0
performance gate failures: 0
audio configuration failures: 0
spawn centerness/distance warnings: 0
reticle warnings: 0
start/replay word warnings: 0
All floor checks passed.
