
> raild@0.0.0 build
> vite build

vite v8.1.3 building client environment for production...
[2Ktransforming...✓ 116 modules transformed.
rendering chunks...
computing gzip size...
dist/index.html                                1.82 kB │ gzip:   0.90 kB
dist/assets/index-CdxIYldy.css                15.14 kB │ gzip:   4.11 kB
dist/assets/audio-trace-GtutyGgA.js            0.40 kB │ gzip:   0.27 kB
dist/assets/speed-profile-W-oLAii7.js          0.70 kB │ gzip:   0.43 kB
dist/assets/hostile-shot-B0BqbSuq.js           1.68 kB │ gzip:   0.75 kB
dist/assets/glyphs-COS-68cO.js                 2.42 kB │ gzip:   0.53 kB
dist/assets/arrangement-Cu8tkQvW.js            3.44 kB │ gzip:   1.44 kB
dist/assets/BufferGeometryUtils-DGdHfenT.js    3.77 kB │ gzip:   1.09 kB
dist/assets/perf-overlay-C2NutT9n.js           5.73 kB │ gzip:   2.26 kB
dist/assets/environment-kit-DSM94_Ty.js       11.57 kB │ gzip:   4.58 kB
dist/assets/prism-B5KGlgAG.js                 14.49 kB │ gzip:   5.81 kB
dist/assets/rezdle-BaK_T6be.js                17.48 kB │ gzip:   6.98 kB
dist/assets/rush-BPRWYhk6.js                  26.71 kB │ gzip:   9.67 kB
dist/assets/audio-kit-GJTBqlKH.js             30.45 kB │ gzip:  10.38 kB
dist/assets/skyhook-v01u-CiWbTZR_.js          49.79 kB │ gzip:  17.05 kB
dist/assets/crystal-CMF2l96c.js               52.24 kB │ gzip:  17.38 kB
dist/assets/helios-B2wAXv_k.js                73.19 kB │ gzip:  23.97 kB
dist/assets/word-data-bEQzhfW8.js            622.40 kB │ gzip: 206.10 kB
dist/assets/index-DCPMZGSA.js                920.75 kB │ gzip: 255.31 kB

✓ built in 425ms
