
> pareto-rail@0.0.0 build
> prisma generate && npm run validate:level-catalog && vite build

Loaded Prisma config from prisma.config.ts.

Prisma schema loaded from prisma/schema.prisma.

✔ Generated Prisma Client (7.8.0) to ./src/generated/prisma in 43ms


> pareto-rail@0.0.0 validate:level-catalog
> node scripts/validate-level-catalog.mjs

Validated 13 discovered benchmark level module(s).
vite v8.1.3 building client environment for production...
[2Ktransforming...✓ 271 modules transformed.
rendering chunks...
computing gzip size...
dist/index.html                                3.88 kB │ gzip:   1.49 kB
dist/assets/index-BrjXyBms.css                47.07 kB │ gzip:   9.65 kB
dist/assets/events-C-SlUeJz.js                 0.20 kB │ gzip:   0.16 kB
dist/assets/spawn-patterns-Cq7vLtQX.js         0.22 kB │ gzip:   0.16 kB
dist/assets/audio-trace-GtutyGgA.js            0.40 kB │ gzip:   0.27 kB
dist/assets/speed-profile-W-oLAii7.js          0.70 kB │ gzip:   0.43 kB
dist/assets/client-tip-BCJRcgTc.js             0.82 kB │ gzip:   0.42 kB
dist/assets/rail-pacer-CQdiv32n.js             1.16 kB │ gzip:   0.49 kB
dist/assets/arrangement-DbzrCudz.js            1.20 kB │ gzip:   0.61 kB
dist/assets/visual-kit-Cedye6H9.js             1.60 kB │ gzip:   0.75 kB
dist/assets/hostile-shot-DVBMHmTp.js           1.68 kB │ gzip:   0.75 kB
dist/assets/camera-feel-DkkeR8AH.js            1.86 kB │ gzip:   1.01 kB
dist/assets/audio-voices-D2Xsr6xr.js           2.24 kB │ gzip:   0.91 kB
dist/assets/environment-kit-C64fnoQR.js        2.34 kB │ gzip:   1.12 kB
dist/assets/glyphs-DALqayjc.js                 2.43 kB │ gzip:   0.53 kB
dist/assets/BufferGeometryUtils-BfyY4Spk.js    3.78 kB │ gzip:   1.10 kB
dist/assets/perf-overlay-B13kqucl.js           5.76 kB │ gzip:   2.27 kB
dist/assets/music-time-CWrSrMmP.js             5.99 kB │ gzip:   2.22 kB
dist/assets/prism-Bvdcoj1-.js                 14.65 kB │ gzip:   5.89 kB
dist/assets/mass-driver-bczy-DEoihQY5.js      14.92 kB │ gzip:   5.99 kB
dist/assets/rezdle-DiSmK_RL.js                17.55 kB │ gzip:   7.01 kB
dist/assets/skyhook-9uib-BYtzmfG4.js          18.82 kB │ gzip:   7.59 kB
dist/assets/mass-driver-7rkv-DNnMGCHu.js      19.48 kB │ gzip:   8.31 kB
dist/assets/hull-run-cvs3-BooCUn6y.js         21.63 kB │ gzip:   8.71 kB
dist/assets/skyhook-81u5-DjFUod7m.js          22.44 kB │ gzip:   9.01 kB
dist/assets/hull-run-ns5n-bB9tPrNa.js         22.55 kB │ gzip:   8.70 kB
dist/assets/GameFrame-CoETHxjC.js             22.58 kB │ gzip:   7.36 kB
dist/assets/rush-D0YvzePK.js                  25.81 kB │ gzip:   9.44 kB
dist/assets/mass-driver-9281-BOwHk1lx.js      29.84 kB │ gzip:  11.53 kB
dist/assets/audio-kit-CpSLw_7A.js             30.53 kB │ gzip:  10.41 kB
dist/assets/mass-driver-esvz-BVB_SUqy.js      50.12 kB │ gzip:  17.33 kB
dist/assets/crystal-DHaWXmKE.js               52.35 kB │ gzip:  17.42 kB
dist/assets/mass-driver-vyxj-BiyncO9c.js      59.33 kB │ gzip:  20.50 kB
dist/assets/mass-driver-wo4m-MyZquMYi.js      63.02 kB │ gzip:  20.50 kB
dist/assets/skyhook-snxd-lw4U9YU2.js          72.34 kB │ gzip:  24.44 kB
dist/assets/helios-DFWLICtM.js                73.41 kB │ gzip:  24.06 kB
dist/assets/speedsolve-bnmf-BQPzElzG.js       73.45 kB │ gzip:  26.42 kB
dist/assets/skyhook-lkor-C7kg_35K.js          75.51 kB │ gzip:  24.98 kB
dist/assets/three.core-pjYaL7l0.js           248.11 kB │ gzip:  65.56 kB
dist/assets/index-B8bs3Sh5.js                298.12 kB │ gzip:  90.28 kB
dist/assets/word-data-bEQzhfW8.js            622.40 kB │ gzip: 206.10 kB
dist/assets/three.tsl-c5K8MTFg.js            649.19 kB │ gzip: 182.20 kB

✓ built in 573ms
