
> raild@0.0.0 build
> vite build

vite v8.1.3 building client environment for production...
[2Ktransforming...✓ 127 modules transformed.
rendering chunks...
computing gzip size...
dist/index.html                                1.82 kB │ gzip:   0.90 kB
dist/assets/index-CdxIYldy.css                15.14 kB │ gzip:   4.11 kB
dist/assets/audio-trace-GtutyGgA.js            0.40 kB │ gzip:   0.27 kB
dist/assets/speed-profile-W-oLAii7.js          0.70 kB │ gzip:   0.43 kB
dist/assets/environment-kit-DlY4ZTcf.js        1.24 kB │ gzip:   0.69 kB
dist/assets/hostile-shot-zHHMWSpU.js           1.68 kB │ gzip:   0.74 kB
dist/assets/glyphs-COS-68cO.js                 2.42 kB │ gzip:   0.53 kB
dist/assets/arrangement-COcfEMCR.js            3.44 kB │ gzip:   1.44 kB
dist/assets/BufferGeometryUtils-BiUQucwD.js    3.77 kB │ gzip:   1.10 kB
dist/assets/perf-overlay-C2NutT9n.js           5.73 kB │ gzip:   2.26 kB
dist/assets/rng-C1A_eU1o.js                    9.51 kB │ gzip:   3.78 kB
dist/assets/prism-DxcokKfN.js                 14.52 kB │ gzip:   5.83 kB
dist/assets/rezdle-Cmb8XbKl.js                17.48 kB │ gzip:   6.98 kB
dist/assets/rush-BGJezuUc.js                  26.74 kB │ gzip:   9.70 kB
dist/assets/audio-kit-CrrdNmBn.js             30.45 kB │ gzip:  10.37 kB
dist/assets/crystal-D6UvWNKm.js               52.26 kB │ gzip:  17.42 kB
dist/assets/helios-BWZ25dEE.js                73.24 kB │ gzip:  23.94 kB
dist/assets/skyhook-2j6o-ydCXE8jA.js          91.06 kB │ gzip:  30.83 kB
dist/assets/word-data-bEQzhfW8.js            622.40 kB │ gzip: 206.10 kB
dist/assets/index-BTQ3eRjR.js                920.81 kB │ gzip: 255.34 kB

✓ built in 459ms
