
> raild@0.0.0 check:floor
> node scripts/check-floor.mjs --level skyhook-2j6o

Skyhook floor check
duration 60.0s; spawned kinds 10: bolt, claw, core, kite, limpet, mite, sentinel, squall, tether, wreck
event coverage missing: none

Engine defaults:
  shot rhythm:
    pattern=grid-ramp [default]
    gapThirtyseconds=2 [default]
    releaseShare=0.75 [default]
    gridRampGapGrowthThirtyseconds=2 [default]
    maxGridSeconds=0.9375
  action SFX snap: [default] (enabled, 32nd grid)
  lock radius: [default] 0.085 NDC
  identity hooks declared: scoreForHit, scoreForKill, scoreForVolley, rankForRun, easeRunProgress, playerHealth, detailsForRun
  identity hooks [default]: validateRelease, updateCameraEffects, updateAttractCamera, allowLockUndo

target occlusion warnings: 0
performance gate failures: 0
audio configuration failures: 0
spawn centerness/distance warnings: 1

Warnings:
- Average enemy destruction distance is slightly high (51.0m, warning threshold 45.0m). Consider spawning enemies closer.
All floor checks passed.
