
> pareto-rail@0.0.0 check:floor
> node scripts/check-floor.mjs --level strandline-sk9q

Strandline floor check
duration 60.0s; spawned kinds 7: broodling, husk, latcher, parent, skitter, spitter, spore
event coverage missing: none

Engine defaults:
  shot rhythm:
    pattern=grid-ramp [default]
    gapThirtyseconds=2 [default]
    releaseShare=0.75 [default]
    gridRampGapGrowthThirtyseconds=2 [default]
    maxGridSeconds=0.22
  action SFX snap: [default] (enabled, 32nd grid)
  lock radius: [default] 0.085 NDC
  identity hooks declared: scoreForHit, scoreForKill, scoreForVolley, validateRelease, rankForRun, easeRunProgress, updateAttractCamera, playerHealth, detailsForRun
  identity hooks [default]: updateCameraEffects, allowLockUndo

target occlusion warnings: 0
performance gate failures: 0
audio configuration failures: 0
spawn centerness/distance warnings: 1

Warnings:
- Enemy destruction concentration in screen center is slightly high (41.3%, warning threshold 25.0%). Consider spreading spawns away from the center.
All floor checks passed.
