
> raild@0.0.0 build
> vite build

vite v8.1.3 building client environment for production...
[2Ktransforming...✓ 119 modules transformed.
rendering chunks...
computing gzip size...
dist/index.html                                1.82 kB │ gzip:   0.90 kB
dist/assets/index-CdxIYldy.css                15.14 kB │ gzip:   4.11 kB
dist/assets/audio-trace-GtutyGgA.js            0.40 kB │ gzip:   0.27 kB
dist/assets/speed-profile-W-oLAii7.js          0.70 kB │ gzip:   0.43 kB
dist/assets/environment-kit-DyTegJQY.js        1.24 kB │ gzip:   0.70 kB
dist/assets/hostile-shot-_pCL64PS.js           1.68 kB │ gzip:   0.74 kB
dist/assets/audio-voices-DpuWxXMv.js           3.44 kB │ gzip:   1.43 kB
dist/assets/glyphs-B-U-6cOj.js                 3.58 kB │ gzip:   0.97 kB
dist/assets/BufferGeometryUtils-40R5sapX.js    3.77 kB │ gzip:   1.10 kB
dist/assets/perf-overlay-C2NutT9n.js           5.73 kB │ gzip:   2.26 kB
dist/assets/rng-CO2IhvA4.js                    9.51 kB │ gzip:   3.78 kB
dist/assets/prism-UK0PGjzv.js                 14.52 kB │ gzip:   5.83 kB
dist/assets/rezdle-_e9zdZVU.js                17.48 kB │ gzip:   6.99 kB
dist/assets/rush-B2SLwY0Y.js                  25.64 kB │ gzip:   9.36 kB
dist/assets/audio-kit-F1jG1V7j.js             30.45 kB │ gzip:  10.38 kB
dist/assets/mass-driver-def9-DgXzjStl.js      46.23 kB │ gzip:  16.14 kB
dist/assets/crystal-vPfdye9U.js               52.27 kB │ gzip:  17.38 kB
dist/assets/helios-DaGe30PN.js                73.23 kB │ gzip:  24.00 kB
dist/assets/word-data-bEQzhfW8.js            622.40 kB │ gzip: 206.10 kB
dist/assets/index-Dz4X7Owz.js                921.19 kB │ gzip: 255.47 kB

✓ built in 459ms
