
> raild@0.0.0 check:floor
> node scripts/check-floor.mjs --level mass-driver-def9

Mass Driver floor check
duration 60.0s; spawned kinds 6: arcbolt, charge, interlock, sentinel, skimmer, weaver
event coverage missing: none

Engine defaults:
  shot rhythm:
    pattern=grid-ramp [default]
    gapThirtyseconds=2 [default]
    releaseShare=0.75 [default]
    gridRampGapGrowthThirtyseconds=1
    maxGridSeconds=0.72
  action SFX snap: overridden grid (enabled, 32nd grid)
  lock radius: 0.105 NDC (engine default 0.085)
  identity hooks declared: scoreForHit, scoreForKill, scoreForVolley, rankForRun, easeRunProgress, updateAttractCamera, playerHealth, detailsForRun
  identity hooks [default]: validateRelease, updateCameraEffects, allowLockUndo

target occlusion warnings: 0
performance gate failures: 0
audio configuration failures: 0
spawn centerness/distance warnings: 0
All floor checks passed.
