
> pareto-rail@0.0.0 build
> prisma generate && npm run validate:level-catalog && vite build

Loaded Prisma config from prisma.config.ts.

Prisma schema loaded from prisma/schema.prisma.

✔ Generated Prisma Client (7.8.0) to ./src/generated/prisma in 46ms


> pareto-rail@0.0.0 validate:level-catalog
> node scripts/validate-level-catalog.mjs

Validated 13 discovered benchmark level module(s).
vite v8.1.3 building client environment for production...
[2Ktransforming...✓ 272 modules transformed.
rendering chunks...
computing gzip size...
dist/index.html                                3.88 kB │ gzip:   1.49 kB
dist/assets/index-BrjXyBms.css                47.07 kB │ gzip:   9.65 kB
dist/assets/rng-BkgXlSb5.js                    0.16 kB │ gzip:   0.14 kB
dist/assets/events-C-SlUeJz.js                 0.20 kB │ gzip:   0.16 kB
dist/assets/spawn-patterns-Cq7vLtQX.js         0.22 kB │ gzip:   0.16 kB
dist/assets/audio-trace-GtutyGgA.js            0.40 kB │ gzip:   0.27 kB
dist/assets/speed-profile-W-oLAii7.js          0.70 kB │ gzip:   0.43 kB
dist/assets/client-tip-BCJRcgTc.js             0.82 kB │ gzip:   0.42 kB
dist/assets/rail-pacer-yOjrLpoX.js             1.16 kB │ gzip:   0.49 kB
dist/assets/arrangement-DbzrCudz.js            1.20 kB │ gzip:   0.61 kB
dist/assets/visual-kit-CSAGEM2w.js             1.60 kB │ gzip:   0.75 kB
dist/assets/hostile-shot-Cl0pFJnM.js           1.68 kB │ gzip:   0.75 kB
dist/assets/camera-feel-bgHhYaG3.js            1.86 kB │ gzip:   1.01 kB
dist/assets/environment-kit-DHSzV_ph.js        2.23 kB │ gzip:   1.06 kB
dist/assets/audio-voices-COW3Ae8w.js           2.24 kB │ gzip:   0.91 kB
dist/assets/glyphs-DALqayjc.js                 2.43 kB │ gzip:   0.53 kB
dist/assets/BufferGeometryUtils-Cj3z8XSs.js    3.78 kB │ gzip:   1.10 kB
dist/assets/perf-overlay-B13kqucl.js           5.76 kB │ gzip:   2.27 kB
dist/assets/music-time-IFhABoc_.js             5.99 kB │ gzip:   2.22 kB
dist/assets/prism-Dqr2c5Nf.js                 14.65 kB │ gzip:   5.89 kB
dist/assets/mass-driver-bczy-W_XLAcP7.js      14.92 kB │ gzip:   6.00 kB
dist/assets/rezdle-DrCQgm4v.js                17.56 kB │ gzip:   7.00 kB
dist/assets/skyhook-9uib-C0ginBB7.js          18.82 kB │ gzip:   7.61 kB
dist/assets/mass-driver-7rkv-DgsER_Ts.js      19.47 kB │ gzip:   8.32 kB
dist/assets/hull-run-cvs3-B8eoV7IY.js         21.63 kB │ gzip:   8.71 kB
dist/assets/skyhook-81u5-CAH-503o.js          22.45 kB │ gzip:   9.01 kB
dist/assets/hull-run-ns5n-CIJzY9Ll.js         22.55 kB │ gzip:   8.70 kB
dist/assets/GameFrame-CWhbhRxO.js             22.58 kB │ gzip:   7.37 kB
dist/assets/rush-BPRF6Uz5.js                  25.81 kB │ gzip:   9.43 kB
dist/assets/mass-driver-9281-Cu9xDG7b.js      29.84 kB │ gzip:  11.54 kB
dist/assets/audio-kit-j6hJfcYH.js             30.53 kB │ gzip:  10.40 kB
dist/assets/mass-driver-esvz-BXMfLLAh.js      50.15 kB │ gzip:  17.34 kB
dist/assets/crystal-CuOrnay4.js               52.37 kB │ gzip:  17.44 kB
dist/assets/mass-driver-vyxj-P_5AWto1.js      59.36 kB │ gzip:  20.48 kB
dist/assets/mass-driver-wo4m-D1LCSRE6.js      63.05 kB │ gzip:  20.48 kB
dist/assets/skyhook-snxd-U03XRatP.js          72.38 kB │ gzip:  24.44 kB
dist/assets/helios-BWkLBPUy.js                73.43 kB │ gzip:  24.07 kB
dist/assets/skyhook-lkor-CDPocgEW.js          75.54 kB │ gzip:  25.00 kB
dist/assets/strandline-tmbx-C56fOpsr.js       90.20 kB │ gzip:  32.85 kB
dist/assets/three.core-CYebiIRA.js           232.76 kB │ gzip:  60.14 kB
dist/assets/index-Cm4bzzHi.js                298.34 kB │ gzip:  90.32 kB
dist/assets/word-data-bEQzhfW8.js            622.40 kB │ gzip: 206.10 kB
dist/assets/three.tsl-ZhNaogjY.js            649.34 kB │ gzip: 182.29 kB

✓ built in 712ms
