
> raild@0.0.0 build
> vite build

vite v8.1.3 building client environment for production...
[2Ktransforming...✓ 115 modules transformed.
rendering chunks...
computing gzip size...
dist/index.html                                1.82 kB │ gzip:   0.90 kB
dist/assets/index-CdxIYldy.css                15.14 kB │ gzip:   4.11 kB
dist/assets/audio-trace-GtutyGgA.js            0.40 kB │ gzip:   0.27 kB
dist/assets/speed-profile-W-oLAii7.js          0.70 kB │ gzip:   0.43 kB
dist/assets/hostile-shot-B1LHyD0-.js           1.68 kB │ gzip:   0.74 kB
dist/assets/glyphs-COS-68cO.js                 2.42 kB │ gzip:   0.53 kB
dist/assets/audio-voices-CpF1Iani.js           3.44 kB │ gzip:   1.43 kB
dist/assets/BufferGeometryUtils-DmMDuaIK.js    3.77 kB │ gzip:   1.09 kB
dist/assets/environment-kit-CbnafP-u.js        4.73 kB │ gzip:   2.23 kB
dist/assets/perf-overlay-C2NutT9n.js           5.73 kB │ gzip:   2.26 kB
dist/assets/music-time-CSWuTqal.js             5.93 kB │ gzip:   2.20 kB
dist/assets/prism-DbL5dLmp.js                 14.52 kB │ gzip:   5.84 kB
dist/assets/rezdle-NnLStX4w.js                17.48 kB │ gzip:   7.00 kB
dist/assets/rush-bpSRPLKs.js                  26.75 kB │ gzip:   9.68 kB
dist/assets/skyhook-u9lg-BStKI9YB.js          26.79 kB │ gzip:  11.30 kB
dist/assets/audio-kit-BDSeo3oM.js             30.45 kB │ gzip:  10.38 kB
dist/assets/crystal-I-DDczib.js               52.28 kB │ gzip:  17.45 kB
dist/assets/helios-DMSGTgCR.js                73.23 kB │ gzip:  24.00 kB
dist/assets/word-data-bEQzhfW8.js            622.40 kB │ gzip: 206.10 kB
dist/assets/index-CMU2a7Tb.js                920.54 kB │ gzip: 255.28 kB

✓ built in 448ms
