
> pareto-rail@0.0.0 build
> prisma generate && npm run validate:level-catalog && vite build

Loaded Prisma config from prisma.config.ts.

Prisma schema loaded from prisma/schema.prisma.

✔ Generated Prisma Client (7.8.0) to ./src/generated/prisma in 50ms


> pareto-rail@0.0.0 validate:level-catalog
> node scripts/validate-level-catalog.mjs

Validated 13 discovered benchmark level module(s).
vite v8.1.3 building client environment for production...
[2Ktransforming...✓ 259 modules transformed.
rendering chunks...
computing gzip size...
dist/index.html                                3.88 kB │ gzip:   1.49 kB
dist/assets/index-BrjXyBms.css                47.07 kB │ gzip:   9.65 kB
dist/assets/events-C-SlUeJz.js                 0.20 kB │ gzip:   0.16 kB
dist/assets/spawn-patterns-Cq7vLtQX.js         0.22 kB │ gzip:   0.16 kB
dist/assets/audio-trace-GtutyGgA.js            0.40 kB │ gzip:   0.27 kB
dist/assets/speed-profile-W-oLAii7.js          0.70 kB │ gzip:   0.43 kB
dist/assets/client-tip-BCJRcgTc.js             0.82 kB │ gzip:   0.42 kB
dist/assets/rail-pacer-yOjrLpoX.js             1.16 kB │ gzip:   0.49 kB
dist/assets/arrangement-DbzrCudz.js            1.20 kB │ gzip:   0.61 kB
dist/assets/visual-kit-CSAGEM2w.js             1.60 kB │ gzip:   0.75 kB
dist/assets/hostile-shot-Cl0pFJnM.js           1.68 kB │ gzip:   0.75 kB
dist/assets/camera-feel-bgHhYaG3.js            1.86 kB │ gzip:   1.01 kB
dist/assets/audio-voices-COW3Ae8w.js           2.24 kB │ gzip:   0.91 kB
dist/assets/environment-kit-BlChvEGY.js        2.34 kB │ gzip:   1.14 kB
dist/assets/glyphs-DALqayjc.js                 2.43 kB │ gzip:   0.53 kB
dist/assets/BufferGeometryUtils-Cj3z8XSs.js    3.78 kB │ gzip:   1.10 kB
dist/assets/perf-overlay-B13kqucl.js           5.76 kB │ gzip:   2.27 kB
dist/assets/music-time-IFhABoc_.js             5.99 kB │ gzip:   2.22 kB
dist/assets/prism-BJRHX6Jc.js                 14.65 kB │ gzip:   5.89 kB
dist/assets/mass-driver-bczy-W_XLAcP7.js      14.92 kB │ gzip:   6.00 kB
dist/assets/rezdle-BL_TSHPs.js                17.56 kB │ gzip:   7.00 kB
dist/assets/skyhook-9uib-C0ginBB7.js          18.82 kB │ gzip:   7.61 kB
dist/assets/mass-driver-7rkv-DgsER_Ts.js      19.47 kB │ gzip:   8.32 kB
dist/assets/hull-run-cvs3-B8eoV7IY.js         21.63 kB │ gzip:   8.71 kB
dist/assets/skyhook-81u5-CAH-503o.js          22.45 kB │ gzip:   9.01 kB
dist/assets/hull-run-ns5n-CIJzY9Ll.js         22.55 kB │ gzip:   8.70 kB
dist/assets/GameFrame-5P4tFx9m.js             22.58 kB │ gzip:   7.37 kB
dist/assets/strandline-8839-BL16keeh.js       23.91 kB │ gzip:   9.54 kB
dist/assets/rush-BGokDiFb.js                  25.81 kB │ gzip:   9.43 kB
dist/assets/mass-driver-9281-Cu9xDG7b.js      29.84 kB │ gzip:  11.54 kB
dist/assets/audio-kit-j6hJfcYH.js             30.53 kB │ gzip:  10.40 kB
dist/assets/mass-driver-esvz-C3riD1fk.js      50.11 kB │ gzip:  17.33 kB
dist/assets/crystal-3QAoCwhY.js               52.34 kB │ gzip:  17.42 kB
dist/assets/mass-driver-vyxj-DvtxI8t8.js      59.32 kB │ gzip:  20.46 kB
dist/assets/mass-driver-wo4m-CuDTSj6R.js      63.02 kB │ gzip:  20.47 kB
dist/assets/skyhook-snxd-CPYhS-9r.js          72.35 kB │ gzip:  24.43 kB
dist/assets/helios-DCXTOnzZ.js                73.41 kB │ gzip:  24.05 kB
dist/assets/skyhook-lkor-BK-nZTGT.js          75.51 kB │ gzip:  24.98 kB
dist/assets/three.core-CYebiIRA.js           232.76 kB │ gzip:  60.14 kB
dist/assets/index-oW8_lLUv.js                298.28 kB │ gzip:  90.30 kB
dist/assets/word-data-bEQzhfW8.js            622.40 kB │ gzip: 206.10 kB
dist/assets/three.tsl-69K7g3FD.js            649.19 kB │ gzip: 182.21 kB

✓ built in 525ms
