
> pareto-rail@0.0.0 check:floor
> node scripts/check-floor.mjs --level strandline-8839

Strandline floor check
duration 60.0s; spawned kinds 5: brood, clasp, parent, ribbon, urchin
event coverage missing: playerhit

Engine defaults:
  shot rhythm:
    pattern=grid-ramp [default]
    gapThirtyseconds=2 [default]
    releaseShare=0.75 [default]
    gridRampGapGrowthThirtyseconds=2 [default]
    maxGridSeconds=0.14
  action SFX snap: [default] (enabled, 32nd grid)
  lock radius: 0.15 NDC (engine default 0.085)
  identity hooks declared: scoreForHit, scoreForKill, scoreForVolley, rankForRun, easeRunProgress, updateCameraEffects, updateAttractCamera, detailsForRun
  identity hooks [default]: validateRelease, playerHealth, allowLockUndo

target occlusion warnings: 0
performance gate failures: 0
audio configuration failures: 0
spawn centerness/distance warnings: 0
All floor checks passed.
FLOOR VERDICT: ACCEPT — if submitted in its current state, this level will be accepted.
