
> pareto-rail@0.0.0 check:floor
> node scripts/check-floor.mjs --level broadside-86kh

Broadside floor check
duration 60.0s; spawned kinds 7: bomber, core, generator, helix, interceptor, shell, turret
event coverage missing: none

Engine defaults:
  shot rhythm:
    pattern=grid-ramp [default]
    gapThirtyseconds=2 [default]
    releaseShare=0.75 [default]
    gridRampGapGrowthThirtyseconds=2 [default]
    maxGridSeconds=0.11
  action SFX snap: [default] (enabled, 32nd grid)
  lock radius: 0.15 NDC (engine default 0.085)
  identity hooks declared: scoreForHit, scoreForKill, scoreForVolley, rankForRun, easeRunProgress, updateCameraEffects, playerHealth, detailsForRun
  identity hooks [default]: validateRelease, updateAttractCamera, allowLockUndo

target occlusion warnings: 0
performance gate failures: 0
audio configuration failures: 0
spawn centerness/distance warnings: 2

Warnings:
- Average enemy destruction distance is slightly high (54.3m, warning threshold 45.0m). Consider spawning enemies closer.
- Enemy destruction concentration in screen center is slightly high (37.3%, warning threshold 25.0%). Consider spreading spawns away from the center.
All floor checks passed.
FLOOR VERDICT: ACCEPT — if submitted in its current state, this level will be accepted.
