
> raild@0.0.0 build
> vite build

vite v8.1.3 building client environment for production...
[2Ktransforming...✓ 118 modules transformed.
rendering chunks...
computing gzip size...
dist/index.html                                1.82 kB │ gzip:   0.90 kB
dist/assets/index-CdxIYldy.css                15.14 kB │ gzip:   4.11 kB
dist/assets/audio-trace-GtutyGgA.js            0.40 kB │ gzip:   0.27 kB
dist/assets/speed-profile-W-oLAii7.js          0.70 kB │ gzip:   0.43 kB
dist/assets/hostile-shot-BGslKe3x.js           1.68 kB │ gzip:   0.75 kB
dist/assets/glyphs-COS-68cO.js                 2.42 kB │ gzip:   0.53 kB
dist/assets/environment-kit-BguiiD10.js        2.91 kB │ gzip:   1.37 kB
dist/assets/audio-voices-lU6NBHGB.js           3.44 kB │ gzip:   1.43 kB
dist/assets/BufferGeometryUtils-CbwKDx8o.js    3.77 kB │ gzip:   1.10 kB
dist/assets/perf-overlay-C2NutT9n.js           5.73 kB │ gzip:   2.26 kB
dist/assets/music-time-sE08P65P.js             7.79 kB │ gzip:   3.07 kB
dist/assets/prism-DbSJ2KA4.js                 14.53 kB │ gzip:   5.82 kB
dist/assets/rezdle-DH6bmV7L.js                17.48 kB │ gzip:   6.98 kB
dist/assets/rush-3JUXxZ83.js                  26.75 kB │ gzip:   9.68 kB
dist/assets/audio-kit-XanFchWy.js             30.45 kB │ gzip:  10.38 kB
dist/assets/crystal-CvGpCRWp.js               52.28 kB │ gzip:  17.38 kB
dist/assets/skyhook-7631-B7GBJstL.js          53.18 kB │ gzip:  18.74 kB
dist/assets/helios-CYhewgV6.js                73.25 kB │ gzip:  23.97 kB
dist/assets/word-data-bEQzhfW8.js            622.40 kB │ gzip: 206.10 kB
dist/assets/index-DSPQOG35.js                928.77 kB │ gzip: 256.91 kB

✓ built in 407ms
