
> raild@0.0.0 build
> vite build

vite v8.1.3 building client environment for production...
[2Ktransforming...✓ 132 modules transformed.
rendering chunks...
computing gzip size...
dist/index.html                                1.82 kB │ gzip:   0.90 kB
dist/assets/index-CdxIYldy.css                15.14 kB │ gzip:   4.11 kB
dist/assets/audio-trace-GtutyGgA.js            0.40 kB │ gzip:   0.27 kB
dist/assets/speed-profile-W-oLAii7.js          0.70 kB │ gzip:   0.43 kB
dist/assets/environment-kit-CeVrqLBx.js        1.24 kB │ gzip:   0.70 kB
dist/assets/hostile-shot-CkcvGZ4q.js           1.68 kB │ gzip:   0.74 kB
dist/assets/glyphs-COS-68cO.js                 2.42 kB │ gzip:   0.53 kB
dist/assets/audio-voices-BXB9cFrZ.js           3.44 kB │ gzip:   1.43 kB
dist/assets/BufferGeometryUtils-BFw7M7VO.js    3.77 kB │ gzip:   1.09 kB
dist/assets/perf-overlay-C2NutT9n.js           5.73 kB │ gzip:   2.26 kB
dist/assets/rng-CdUYb69O.js                    9.51 kB │ gzip:   3.78 kB
dist/assets/prism-BG5cKOs-.js                 14.52 kB │ gzip:   5.83 kB
dist/assets/rezdle-CEEInrup.js                17.48 kB │ gzip:   6.98 kB
dist/assets/rush-Bbi-MeAJ.js                  26.74 kB │ gzip:   9.68 kB
dist/assets/audio-kit-BpzDU9vu.js             30.45 kB │ gzip:  10.38 kB
dist/assets/crystal-B1d6_8IV.js               52.27 kB │ gzip:  17.38 kB
dist/assets/helios-BVpK4WCi.js                73.24 kB │ gzip:  23.96 kB
dist/assets/skyhook-c64g-DAZNZIJy.js         111.93 kB │ gzip:  38.29 kB
dist/assets/word-data-bEQzhfW8.js            622.40 kB │ gzip: 206.10 kB
dist/assets/index-DUVT2Emt.js                944.35 kB │ gzip: 262.28 kB

✓ built in 500ms
