
> raild@0.0.0 check:floor
> node scripts/check-floor.mjs --level skyhook-c64g

Skyhook floor check
duration 60.0s; spawned kinds 10: bolt, clamp, core, hauler, hook, kite, limpet, manta, sentry, torpedo
event coverage missing: none

Engine defaults:
  shot rhythm:
    pattern=grid-ramp [default]
    gapThirtyseconds=2 [default]
    releaseShare=0.75 [default]
    gridRampGapGrowthThirtyseconds=2 [default]
    maxGridSeconds=1.25
  action SFX snap: [default] (enabled, 32nd grid)
  lock radius: [default] 0.085 NDC
  identity hooks declared: scoreForHit, scoreForKill, scoreForVolley, rankForRun, easeRunProgress, updateCameraEffects, updateAttractCamera, playerHealth, detailsForRun
  identity hooks [default]: validateRelease, allowLockUndo

target occlusion warnings: 0
performance gate failures: 0
audio configuration failures: 0
spawn centerness/distance warnings: 0
All floor checks passed.
