
> pareto-rail@0.0.0 check:floor
> node scripts/check-floor.mjs --level tinker-ball-3ioa

Tinker Ball floor check
duration 60.0s; spawned kinds 6: beetle, glob, snapper, spill, spill-core, strider
event coverage missing: none

Engine defaults:
  shot rhythm:
    pattern=grid-ramp [default]
    gapThirtyseconds=2 [default]
    releaseShare=0.75 [default]
    gridRampGapGrowthThirtyseconds=2 [default]
    maxGridSeconds=0.94
  action SFX snap: [default] (enabled, 32nd grid)
  lock radius: [default] 0.085 NDC; reticle visual 0.083 NDC = 0.97x lock radius, no reticle scaling
  words: start "START!" (6), replay "REPLAY" (6); MAX_LOCKS 6
  identity hooks declared: scoreForHit, scoreForKill, scoreForVolley, rankForRun, easeRunProgress, playerHealth, detailsForRun
  identity hooks [default]: validateRelease, updateCameraEffects, updateAttractCamera, allowLockUndo

target occlusion warnings: 0
performance gate failures: 0
audio configuration failures: 0
spawn centerness/distance warnings: 0
reticle warnings: 0
start/replay word warnings: 0
All floor checks passed.
