
> raild@0.0.0 build
> vite build

vite v8.1.3 building client environment for production...
[2Ktransforming...✓ 125 modules transformed.
rendering chunks...
computing gzip size...
dist/index.html                                1.82 kB │ gzip:   0.90 kB
dist/assets/index-CdxIYldy.css                15.14 kB │ gzip:   4.11 kB
dist/assets/audio-trace-GtutyGgA.js            0.40 kB │ gzip:   0.27 kB
dist/assets/speed-profile-W-oLAii7.js          0.70 kB │ gzip:   0.43 kB
dist/assets/arrangement-DbzrCudz.js            1.20 kB │ gzip:   0.61 kB
dist/assets/environment-kit-BUMtPE0F.js        1.24 kB │ gzip:   0.70 kB
dist/assets/hostile-shot-C-pLGxnB.js           1.68 kB │ gzip:   0.74 kB
dist/assets/audio-voices-C6jmCdc4.js           2.24 kB │ gzip:   0.91 kB
dist/assets/glyphs-COS-68cO.js                 2.42 kB │ gzip:   0.53 kB
dist/assets/BufferGeometryUtils-BZAPWqzR.js    3.77 kB │ gzip:   1.09 kB
dist/assets/perf-overlay-C2NutT9n.js           5.73 kB │ gzip:   2.26 kB
dist/assets/rng-CG-wj_HR.js                    9.51 kB │ gzip:   3.77 kB
dist/assets/prism-B-QzTmTJ.js                 14.56 kB │ gzip:   5.84 kB
dist/assets/rezdle-D_WVT71a.js                17.48 kB │ gzip:   6.99 kB
dist/assets/rush-DEwe6T1k.js                  26.75 kB │ gzip:   9.68 kB
dist/assets/audio-kit-BAqMhz6f.js             30.45 kB │ gzip:  10.35 kB
dist/assets/crystal-Bxg_Twq2.js               52.32 kB │ gzip:  17.44 kB
dist/assets/helios-DTJZ75iL.js                73.30 kB │ gzip:  23.99 kB
dist/assets/skyhook-e34d-BCNmh9Yr.js          91.80 kB │ gzip:  32.07 kB
dist/assets/word-data-bEQzhfW8.js            622.40 kB │ gzip: 206.10 kB
dist/assets/index-CqoRZp0c.js                922.73 kB │ gzip: 255.97 kB

✓ built in 424ms
