
> pareto-rail@0.0.0 build
> prisma generate && npm run validate:level-catalog && vite build

Loaded Prisma config from prisma.config.ts.

Prisma schema loaded from prisma/schema.prisma.
┌─────────────────────────────────────────────────────────┐
│  Update available 7.8.0 -> 8.0.0-rc.12                  │
│                                                         │
│  This is a major update - please follow the guide at    │
│  https://pris.ly/d/major-version-upgrade                │
│                                                         │
│  Run the following to update                            │
│    npm i --save-dev prisma@latest                       │
│    npm i @prisma/client@latest                          │
└─────────────────────────────────────────────────────────┘

✔ Generated Prisma Client (7.8.0) to ./src/generated/prisma in 81ms


> pareto-rail@0.0.0 validate:level-catalog
> node scripts/validate-level-catalog.mjs

WebSocket server error: Port 24678 is already in use
Validated 13 discovered benchmark level module(s).
vite v8.1.3 building client environment for production...
[2Ktransforming...✓ 264 modules transformed.
rendering chunks...
computing gzip size...
dist/index.html                                3.88 kB │ gzip:   1.49 kB
dist/assets/index-BrjXyBms.css                47.07 kB │ gzip:   9.65 kB
dist/assets/events-C-SlUeJz.js                 0.20 kB │ gzip:   0.16 kB
dist/assets/spawn-patterns-Cq7vLtQX.js         0.22 kB │ gzip:   0.16 kB
dist/assets/audio-trace-GtutyGgA.js            0.40 kB │ gzip:   0.27 kB
dist/assets/speed-profile-W-oLAii7.js          0.70 kB │ gzip:   0.43 kB
dist/assets/client-tip-BCJRcgTc.js             0.82 kB │ gzip:   0.42 kB
dist/assets/rail-pacer-CQmusG6j.js             1.16 kB │ gzip:   0.49 kB
dist/assets/arrangement-DbzrCudz.js            1.20 kB │ gzip:   0.61 kB
dist/assets/visual-kit-n7pwgp3g.js             1.60 kB │ gzip:   0.75 kB
dist/assets/hostile-shot-Dfg5sO9l.js           1.68 kB │ gzip:   0.75 kB
dist/assets/camera-feel-mzEfvuAC.js            1.86 kB │ gzip:   1.01 kB
dist/assets/audio-voices-BoR-Epwq.js           2.24 kB │ gzip:   0.91 kB
dist/assets/environment-kit-D2S1NnX5.js        2.34 kB │ gzip:   1.13 kB
dist/assets/glyphs-DALqayjc.js                 2.43 kB │ gzip:   0.53 kB
dist/assets/BufferGeometryUtils-hkg-Omcp.js    3.78 kB │ gzip:   1.10 kB
dist/assets/perf-overlay-B13kqucl.js           5.76 kB │ gzip:   2.27 kB
dist/assets/music-time-BEeC88ez.js             5.99 kB │ gzip:   2.22 kB
dist/assets/prism-4b2vlOSo.js                 14.65 kB │ gzip:   5.89 kB
dist/assets/mass-driver-bczy-B8QtzhM6.js      14.92 kB │ gzip:   5.99 kB
dist/assets/rezdle-BKwfZhuO.js                17.56 kB │ gzip:   7.01 kB
dist/assets/skyhook-9uib-O2Rhx23h.js          18.82 kB │ gzip:   7.61 kB
dist/assets/mass-driver-7rkv-BnIPz6A7.js      19.48 kB │ gzip:   8.30 kB
dist/assets/hull-run-cvs3-DNcgi8Pe.js         21.63 kB │ gzip:   8.69 kB
dist/assets/skyhook-81u5-Csk9-Fnp.js          22.44 kB │ gzip:   9.01 kB
dist/assets/hull-run-ns5n-Cw_G3OLv.js         22.55 kB │ gzip:   8.70 kB
dist/assets/GameFrame-i1_KyEtk.js             22.58 kB │ gzip:   7.37 kB
dist/assets/rush-DvaafPOB.js                  25.80 kB │ gzip:   9.43 kB
dist/assets/mass-driver-9281-CiMYdPj2.js      29.83 kB │ gzip:  11.57 kB
dist/assets/audio-kit-ChgbnQdA.js             30.57 kB │ gzip:  10.41 kB
dist/assets/broadside-9ima-Bayrbo3r.js        36.99 kB │ gzip:  11.27 kB
dist/assets/mass-driver-esvz-C01Jx7hd.js      50.12 kB │ gzip:  17.29 kB
dist/assets/crystal-D2vHrlP0.js               52.34 kB │ gzip:  17.45 kB
dist/assets/mass-driver-vyxj-BiUs-GrO.js      59.32 kB │ gzip:  20.49 kB
dist/assets/mass-driver-wo4m-B-aHlpcL.js      63.01 kB │ gzip:  20.47 kB
dist/assets/skyhook-snxd-DKcQ7B8g.js          72.34 kB │ gzip:  24.41 kB
dist/assets/helios-C1fGMWKl.js                73.40 kB │ gzip:  24.03 kB
dist/assets/skyhook-lkor-MQM1ZsId.js          75.51 kB │ gzip:  24.94 kB
dist/assets/three.core-DWmOecIC.js           231.42 kB │ gzip:  59.76 kB
dist/assets/index-BksUDTiG.js                298.29 kB │ gzip:  90.30 kB
dist/assets/word-data-bEQzhfW8.js            622.40 kB │ gzip: 206.10 kB
dist/assets/three.tsl-C_hUfK_0.js            649.18 kB │ gzip: 182.24 kB

✓ built in 905ms
