
> raild@0.0.0 build
> vite build

vite v8.1.3 building client environment for production...
[2Ktransforming...✓ 116 modules transformed.
rendering chunks...
computing gzip size...
dist/index.html                                1.82 kB │ gzip:   0.90 kB
dist/assets/index-CdxIYldy.css                15.14 kB │ gzip:   4.11 kB
dist/assets/audio-trace-GtutyGgA.js            0.40 kB │ gzip:   0.27 kB
dist/assets/speed-profile-W-oLAii7.js          0.70 kB │ gzip:   0.43 kB
dist/assets/hostile-shot-CH2qP4Sp.js           1.68 kB │ gzip:   0.75 kB
dist/assets/glyphs-COS-68cO.js                 2.42 kB │ gzip:   0.53 kB
dist/assets/environment-kit-BxBMmtoE.js        3.21 kB │ gzip:   1.64 kB
dist/assets/audio-voices-CoUKwdXl.js           3.44 kB │ gzip:   1.43 kB
dist/assets/BufferGeometryUtils-Iq1Mo7qS.js    3.77 kB │ gzip:   1.09 kB
dist/assets/perf-overlay-C2NutT9n.js           5.73 kB │ gzip:   2.26 kB
dist/assets/visual-kit-DgSJAqfJ.js             7.53 kB │ gzip:   2.81 kB
dist/assets/prism-X5EbXaJ0.js                 14.52 kB │ gzip:   5.84 kB
dist/assets/rezdle-DEhm3TyK.js                17.48 kB │ gzip:   7.00 kB
dist/assets/rush-D4niTP4d.js                  26.75 kB │ gzip:   9.67 kB
dist/assets/audio-kit-DmGFCpm9.js             30.45 kB │ gzip:  10.37 kB
dist/assets/skyhook-b993-BvFBoNs3.js          30.73 kB │ gzip:  12.37 kB
dist/assets/crystal-C9s-G63j.js               52.28 kB │ gzip:  17.45 kB
dist/assets/helios-BL7A7dNm.js                73.23 kB │ gzip:  24.00 kB
dist/assets/word-data-bEQzhfW8.js            622.40 kB │ gzip: 206.10 kB
dist/assets/index-DdYZc3w1.js                920.54 kB │ gzip: 255.29 kB

✓ built in 444ms
