
> pareto-rail@0.0.0 check:floor
> node scripts/check-floor.mjs --level vespers-1izg

Vespers floor check
duration 64.3s; spawned kinds 7: censer, gloom, heart, petal, shade, spoke, watcher
event coverage missing: stage

Engine defaults:
  shot rhythm: [default] pattern=grid-ramp, gapThirtyseconds=2, releaseShare=0.75, gridRampGapGrowthThirtyseconds=2, maxGridSeconds=1.905
  action SFX snap: [default] (enabled, 32nd grid)
  lock radius: [default] 0.085 NDC; reticle visual 0.060 NDC = 0.71x lock radius, no reticle scaling
  words: start "START!" (6), replay "REPLAY" (6); MAX_LOCKS 6
  identity hooks declared: scoreForHit, scoreForKill, validateRelease, rankForRun, easeRunProgress, playerHealth, detailsForRun
  identity hooks [default]: scoreForVolley, updateCameraEffects, updateAttractCamera, allowLockUndo

target occlusion warnings: 0
performance gate failures: 0
audio configuration failures: 0
spawn centerness/distance warnings: 1
reticle warnings: 0
start/replay word warnings: 0

Warnings:
- Enemy destruction concentration in screen center is slightly high (32.2%, warning threshold 25.0%). Consider spreading spawns away from the center.
All floor checks passed.
