
> pareto-rail@0.0.0 check:floor
> node scripts/check-floor.mjs --level vespers-9qbs

Vespers floor check
duration 60.0s; spawned kinds 7: censer, claw, heart, moth, rosette, shade, shard
event coverage missing: none

Engine defaults:
  shot rhythm:
    pattern=grid-ramp [default]
    gapThirtyseconds=2 [default]
    releaseShare=0.75 [default]
    gridRampGapGrowthThirtyseconds=2 [default]
    maxGridSeconds=0.63125
  action SFX snap: overridden grid (enabled, 32nd grid)
  lock radius: [default] 0.085 NDC; reticle visual 0.105 NDC = 1.24x lock radius, no reticle scaling
  words: start "START!" (6), replay "REPLAY" (6); MAX_LOCKS 6
  identity hooks declared: scoreForHit, scoreForKill, rankForRun, easeRunProgress, playerHealth, detailsForRun
  identity hooks [default]: scoreForVolley, validateRelease, updateCameraEffects, updateAttractCamera, allowLockUndo

target occlusion warnings: 0
performance gate failures: 0
audio configuration failures: 0
spawn centerness/distance warnings: 0
reticle warnings: 0
start/replay word warnings: 0
All floor checks passed.
