
> pareto-rail@0.0.0 check:floor
> node scripts/check-floor.mjs --level broadside-61z2

Broadside floor check
duration 60.0s; spawned kinds 7: bolt, corsair, interceptor, point-defense, power-core, shield-generator, skiff
event coverage missing: none

Engine defaults:
  shot rhythm:
    pattern=grid-ramp [default]
    gapThirtyseconds=2 [default]
    releaseShare=0.75 [default]
    gridRampGapGrowthThirtyseconds=2 [default]
    maxGridSeconds=0.2
  action SFX snap: overridden grid (enabled, 2×32nd grid)
  lock radius: 0.16 NDC (engine default 0.085)
  identity hooks declared: scoreForHit, scoreForKill, scoreForVolley, rankForRun, easeRunProgress, updateAttractCamera, playerHealth, detailsForRun
  identity hooks [default]: validateRelease, updateCameraEffects, allowLockUndo

target occlusion warnings: 0
performance gate failures: 0
audio configuration failures: 0
spawn centerness/distance warnings: 0
All floor checks passed.
FLOOR VERDICT: ACCEPT — if submitted in its current state, this level will be accepted.
