
> pareto-rail@0.0.0 check:floor
> node scripts/check-floor.mjs --level vespers-c8vr

Vespers floor check
duration 60.0s; spawned kinds 5: boss-shot, gargoyle, panestealer, rose-boss, triforium
event coverage missing: playerhit

Engine defaults:
  shot rhythm: [default] pattern=grid-ramp, gapThirtyseconds=2, releaseShare=0.75, gridRampGapGrowthThirtyseconds=2, maxGridSeconds=1.905
  action SFX snap: [default] (enabled, 32nd grid)
  lock radius: [default] 0.085 NDC; reticle visual 0.044 NDC = 0.52x lock radius, no reticle scaling
  words: start "START!" (6), replay "REPLAY" (6); MAX_LOCKS 6
  identity hooks declared: playerHealth
  identity hooks [default]: scoreForHit, scoreForKill, scoreForVolley, validateRelease, rankForRun, easeRunProgress, updateCameraEffects, updateAttractCamera, allowLockUndo, detailsForRun

target occlusion warnings: 0
performance gate failures: 0
audio configuration failures: 0
spawn centerness/distance warnings: 1
reticle warnings: 0
start/replay word warnings: 0

Warnings:
- Enemy destruction concentration in screen center is slightly high (35.7%, warning threshold 25.0%). Consider spreading spawns away from the center.
All floor checks passed.
