
> pareto-rail@0.0.0 check:floor
> node scripts/check-floor.mjs --level broadside-e230

Broadside floor check
duration 60.0s; spawned kinds 7: bomber, core, generator, interceptor, shell, spiral, turret
event coverage missing: none

Engine defaults:
  shot rhythm:
    pattern=grid-ramp [default]
    gapThirtyseconds=2 [default]
    releaseShare=0.75 [default]
    gridRampGapGrowthThirtyseconds=2 [default]
    maxGridSeconds=0.12
  action SFX snap: [default] (enabled, 32nd grid)
  lock radius: 0.15 NDC (engine default 0.085)
  identity hooks declared: scoreForHit, scoreForKill, scoreForVolley, rankForRun, easeRunProgress, updateCameraEffects, playerHealth, detailsForRun
  identity hooks [default]: validateRelease, updateAttractCamera, allowLockUndo

target occlusion warnings: 0
performance gate failures: 0
audio configuration failures: 0
spawn centerness/distance warnings: 0
All floor checks passed.
FLOOR VERDICT: ACCEPT — if submitted in its current state, this level will be accepted.
