
> pareto-rail@0.0.0 build
> prisma generate && npm run validate:level-catalog && vite build

Loaded Prisma config from prisma.config.ts.

Prisma schema loaded from prisma/schema.prisma.
┌─────────────────────────────────────────────────────────┐
│  Update available 7.8.0 -> 8.0.0-rc.19                  │
│                                                         │
│  This is a major update - please follow the guide at    │
│  https://pris.ly/d/major-version-upgrade                │
│                                                         │
│  Run the following to update                            │
│    npm i --save-dev prisma@latest                       │
│    npm i @prisma/client@latest                          │
└─────────────────────────────────────────────────────────┘

✔ Generated Prisma Client (7.8.0) to ./src/generated/prisma in 51ms


> pareto-rail@0.0.0 validate:level-catalog
> node scripts/validate-level-catalog.mjs

Validated 13 discovered benchmark level module(s).
vite v8.1.3 building client environment for production...
[2Ktransforming...✓ 260 modules transformed.
rendering chunks...
computing gzip size...
dist/index.html                                3.88 kB │ gzip:   1.50 kB
dist/assets/index-BrjXyBms.css                47.07 kB │ gzip:   9.65 kB
dist/assets/events-C-SlUeJz.js                 0.20 kB │ gzip:   0.16 kB
dist/assets/spawn-patterns-Cq7vLtQX.js         0.22 kB │ gzip:   0.16 kB
dist/assets/audio-trace-GtutyGgA.js            0.40 kB │ gzip:   0.27 kB
dist/assets/speed-profile-W-oLAii7.js          0.70 kB │ gzip:   0.43 kB
dist/assets/client-tip-BCJRcgTc.js             0.82 kB │ gzip:   0.42 kB
dist/assets/rail-pacer-ME-C6NJw.js             1.16 kB │ gzip:   0.49 kB
dist/assets/arrangement-DbzrCudz.js            1.20 kB │ gzip:   0.61 kB
dist/assets/visual-kit-Cm7zd6Jt.js             1.60 kB │ gzip:   0.75 kB
dist/assets/hostile-shot-BW0Chrzs.js           1.68 kB │ gzip:   0.75 kB
dist/assets/camera-feel-CWDCVhLe.js            1.86 kB │ gzip:   1.01 kB
dist/assets/audio-voices-Cg4n94Uc.js           2.24 kB │ gzip:   0.91 kB
dist/assets/environment-kit-1Ck0lb22.js        2.34 kB │ gzip:   1.13 kB
dist/assets/glyphs-DALqayjc.js                 2.43 kB │ gzip:   0.53 kB
dist/assets/BufferGeometryUtils-CsP8TamT.js    3.78 kB │ gzip:   1.10 kB
dist/assets/perf-overlay-B13kqucl.js           5.76 kB │ gzip:   2.27 kB
dist/assets/music-time-BWYyijBy.js             5.99 kB │ gzip:   2.22 kB
dist/assets/prism-BYCLnMFd.js                 14.65 kB │ gzip:   5.89 kB
dist/assets/mass-driver-bczy-CMrbx8iw.js      14.92 kB │ gzip:   5.99 kB
dist/assets/rezdle-CSlX0heD.js                17.56 kB │ gzip:   7.01 kB
dist/assets/skyhook-9uib-Bu3jxyTq.js          18.82 kB │ gzip:   7.60 kB
dist/assets/mass-driver-7rkv-DYTs9vmg.js      19.48 kB │ gzip:   8.32 kB
dist/assets/hull-run-cvs3-CjSnaxb1.js         21.63 kB │ gzip:   8.69 kB
dist/assets/skyhook-81u5-B6--E17x.js          22.44 kB │ gzip:   9.01 kB
dist/assets/hull-run-ns5n-D3ZHX-3w.js         22.55 kB │ gzip:   8.71 kB
dist/assets/GameFrame-lSSPQZ4T.js             22.58 kB │ gzip:   7.37 kB
dist/assets/rush-CcaXst1Z.js                  25.81 kB │ gzip:   9.43 kB
dist/assets/strandline-2jv4-Bsf6R8ip.js       26.03 kB │ gzip:  10.27 kB
dist/assets/mass-driver-9281-CDk-Pvl-.js      29.83 kB │ gzip:  11.54 kB
dist/assets/audio-kit-CBU_pzm3.js             30.53 kB │ gzip:  10.40 kB
dist/assets/mass-driver-esvz-BsUEzvmB.js      50.11 kB │ gzip:  17.29 kB
dist/assets/crystal-D03MnlNT.js               52.34 kB │ gzip:  17.43 kB
dist/assets/mass-driver-vyxj-CYJgpPpv.js      59.33 kB │ gzip:  20.48 kB
dist/assets/mass-driver-wo4m-BNjEFvHJ.js      63.01 kB │ gzip:  20.46 kB
dist/assets/skyhook-snxd-CkvYZ8Pz.js          72.34 kB │ gzip:  24.41 kB
dist/assets/helios-Civ6V6kQ.js                73.40 kB │ gzip:  24.01 kB
dist/assets/skyhook-lkor-CqTIJPOC.js          75.52 kB │ gzip:  24.94 kB
dist/assets/three.core-Ch3TYceY.js           243.71 kB │ gzip:  63.87 kB
dist/assets/index-5nPjaWGy.js                298.28 kB │ gzip:  90.30 kB
dist/assets/word-data-bEQzhfW8.js            622.40 kB │ gzip: 206.10 kB
dist/assets/three.tsl-CAutlMTj.js            649.18 kB │ gzip: 182.19 kB

✓ built in 542ms
