
> pareto-rail@0.0.0 check:floor
> node scripts/check-floor.mjs --level strandline-2jv4

Strandline floor check
duration 60.0s; spawned kinds 5: brood, clamp, parent, skate, spore
event coverage missing: none

Engine defaults:
  shot rhythm:
    pattern=linear
    gapThirtyseconds=1
    releaseShare=0.35
    gridRampGapGrowthThirtyseconds=2 [default]
    maxGridSeconds=1.905 [default]
  action SFX snap: overridden grid (enabled, 32nd grid)
  lock radius: 0.13 NDC (engine default 0.085)
  identity hooks declared: scoreForHit, scoreForKill, scoreForVolley, rankForRun, easeRunProgress, updateCameraEffects, updateAttractCamera, playerHealth, allowLockUndo, detailsForRun
  identity hooks [default]: validateRelease

target occlusion warnings: 0
performance gate failures: 0
audio configuration failures: 0
spawn centerness/distance warnings: 0
All floor checks passed.
FLOOR VERDICT: ACCEPT — if submitted in its current state, this level will be accepted.
