
> pareto-rail@0.0.0 build
> prisma generate && npm run validate:level-catalog && vite build

Loaded Prisma config from prisma.config.ts.

Prisma schema loaded from prisma/schema.prisma.

✔ Generated Prisma Client (7.8.0) to ./src/generated/prisma in 47ms


> pareto-rail@0.0.0 validate:level-catalog
> node scripts/validate-level-catalog.mjs

Validated 13 discovered benchmark level module(s).
vite v8.1.3 building client environment for production...
[2Ktransforming...✓ 271 modules transformed.
rendering chunks...
computing gzip size...
dist/index.html                                3.88 kB │ gzip:   1.49 kB
dist/assets/index-BrjXyBms.css                47.07 kB │ gzip:   9.65 kB
dist/assets/rng-BkgXlSb5.js                    0.16 kB │ gzip:   0.14 kB
dist/assets/events-C-SlUeJz.js                 0.20 kB │ gzip:   0.16 kB
dist/assets/spawn-patterns-Cq7vLtQX.js         0.22 kB │ gzip:   0.16 kB
dist/assets/audio-trace-GtutyGgA.js            0.40 kB │ gzip:   0.27 kB
dist/assets/speed-profile-W-oLAii7.js          0.70 kB │ gzip:   0.43 kB
dist/assets/client-tip-BCJRcgTc.js             0.82 kB │ gzip:   0.42 kB
dist/assets/rail-pacer-DF9ecNgD.js             1.16 kB │ gzip:   0.49 kB
dist/assets/arrangement-DbzrCudz.js            1.20 kB │ gzip:   0.61 kB
dist/assets/visual-kit-D9pFWefY.js             1.60 kB │ gzip:   0.75 kB
dist/assets/hostile-shot-DYR9oADB.js           1.68 kB │ gzip:   0.75 kB
dist/assets/camera-feel-BcmURX_N.js            1.86 kB │ gzip:   1.01 kB
dist/assets/environment-kit-M9CW3BLn.js        2.23 kB │ gzip:   1.06 kB
dist/assets/audio-voices-BGeIRa9Z.js           2.24 kB │ gzip:   0.91 kB
dist/assets/glyphs-DALqayjc.js                 2.43 kB │ gzip:   0.53 kB
dist/assets/BufferGeometryUtils-CBtm-19E.js    3.78 kB │ gzip:   1.10 kB
dist/assets/perf-overlay-B13kqucl.js           5.76 kB │ gzip:   2.27 kB
dist/assets/music-time-CH_IwOxV.js             5.99 kB │ gzip:   2.22 kB
dist/assets/prism-X9y5fYPC.js                 14.65 kB │ gzip:   5.89 kB
dist/assets/mass-driver-bczy-B1bjbvMC.js      14.92 kB │ gzip:   5.99 kB
dist/assets/rezdle-CIsiTg7M.js                17.56 kB │ gzip:   7.01 kB
dist/assets/skyhook-9uib-DH_4a5Uy.js          18.82 kB │ gzip:   7.62 kB
dist/assets/mass-driver-7rkv-CAfCUe8m.js      19.47 kB │ gzip:   8.32 kB
dist/assets/hull-run-cvs3-Dk4-E1_p.js         21.63 kB │ gzip:   8.70 kB
dist/assets/skyhook-81u5-f0KCyqig.js          22.44 kB │ gzip:   9.04 kB
dist/assets/hull-run-ns5n-C2-i7uw_.js         22.55 kB │ gzip:   8.70 kB
dist/assets/GameFrame-BLgBQYWF.js             22.58 kB │ gzip:   7.36 kB
dist/assets/rush-DBVfP0GD.js                  25.81 kB │ gzip:   9.43 kB
dist/assets/mass-driver-9281-DIeX7jSR.js      29.84 kB │ gzip:  11.59 kB
dist/assets/audio-kit-Bc8QwABw.js             30.53 kB │ gzip:  10.41 kB
dist/assets/mass-driver-esvz-CvkXp6_d.js      50.15 kB │ gzip:  17.30 kB
dist/assets/crystal-CTvLOx5M.js               52.38 kB │ gzip:  17.47 kB
dist/assets/mass-driver-vyxj-BtL5NAS3.js      59.36 kB │ gzip:  20.49 kB
dist/assets/mass-driver-wo4m-BTYVD-oy.js      63.05 kB │ gzip:  20.49 kB
dist/assets/skyhook-snxd-DLrCPxy5.js          72.37 kB │ gzip:  24.45 kB
dist/assets/helios-DZXdQzMC.js                73.44 kB │ gzip:  24.05 kB
dist/assets/speedsolve-n4v0-Y_eF5XIu.js       74.45 kB │ gzip:  25.91 kB
dist/assets/skyhook-lkor-89vTOjUP.js          75.55 kB │ gzip:  24.96 kB
dist/assets/three.core-DNe4r4LL.js           243.72 kB │ gzip:  63.87 kB
dist/assets/index-Bgj1UG6j.js                298.34 kB │ gzip:  90.32 kB
dist/assets/word-data-bEQzhfW8.js            622.40 kB │ gzip: 206.10 kB
dist/assets/three.tsl-D3-F8O3f.js            649.19 kB │ gzip: 182.23 kB

✓ built in 666ms
